2026-05-06 19:35:31.060 [main] INFO  c.e.springjpalab.cache.DishCacheTest - Starting DishCacheTest using Java 17.0.12 with PID 8852 (started by lidiya in C:\Users\lidiya\IdeaProjects\spring-jpa-lab)
2026-05-06 19:35:31.069 [main] DEBUG c.e.springjpalab.cache.DishCacheTest - Running with Spring Boot v4.0.0, Spring v7.0.1
2026-05-06 19:35:31.071 [main] INFO  c.e.springjpalab.cache.DishCacheTest - The following 1 profile is active: "test"
2026-05-06 19:36:01.511 [main] WARN  o.s.b.j.a.JpaBaseConfiguration$JpaWebConfiguration - spring.jpa.open-in-view is enabled by default. Therefore, database queries may be performed during view rendering. Explicitly configure spring.jpa.open-in-view to disable this warning
2026-05-06 19:36:08.067 [main] DEBUG c.e.s.s.JwtAuthenticationFilter - Filter 'jwtAuthenticationFilter' configured for use
2026-05-06 19:36:08.485 [main] INFO  c.e.springjpalab.cache.DishCacheTest - Started DishCacheTest in 38.833 seconds (process running for 48.577)
2026-05-06 19:36:14.663 [main] DEBUG org.hibernate.SQL - select rje1_0.id,rje1_0.address,rje1_0.name from restaurants rje1_0 where rje1_0.name=?
2026-05-06 19:36:15.026 [main] DEBUG org.hibernate.SQL - insert into restaurants (address,name) values (?,?)
2026-05-06 19:36:15.166 [main] INFO  c.e.s.a.service.RestaurantService - Создан ресторан: id=1, name=Рест-1752205474500
2026-05-06 19:36:15.594 [main] INFO  c.e.s.a.service.RestaurantService - Промах кэша restaurants.findById для id=1: загружаем из репозитория
2026-05-06 19:36:15.618 [main] DEBUG org.hibernate.SQL - select rje1_0.id,rje1_0.address,d1_0.restaurant_id,d1_0.id,d1_0.description,d1_0.is_available,d1_0.name,d1_0.price,rje1_0.name from restaurants rje1_0 left join dishes d1_0 on rje1_0.id=d1_0.restaurant_id where rje1_0.id=?
2026-05-06 19:36:15.739 [main] DEBUG org.hibernate.SQL - select dje1_0.id,dje1_0.description,dje1_0.is_available,dje1_0.name,dje1_0.price,dje1_0.restaurant_id from dishes dje1_0 where lower(dje1_0.name)=lower(?) and dje1_0.restaurant_id=?
2026-05-06 19:36:15.783 [main] DEBUG org.hibernate.SQL - insert into dishes (description,is_available,name,price,restaurant_id) values (?,?,?,?,?)
2026-05-06 19:36:15.798 [main] INFO  c.e.s.a.service.DishService - Создано блюдо: id=1, name=Блюдо-1754220462500
2026-05-06 19:36:15.888 [main] INFO  c.e.s.a.service.DishService - Промах кэша dishes.findAll: загружаем из репозитория
2026-05-06 19:36:15.929 [main] DEBUG org.hibernate.SQL - select dje1_0.id,dje1_0.description,dje1_0.is_available,dje1_0.name,dje1_0.price,dje1_0.restaurant_id from dishes dje1_0
2026-05-06 19:36:15.941 [main] DEBUG org.hibernate.SQL - select rje1_0.id,rje1_0.address,rje1_0.name from restaurants rje1_0 where rje1_0.id=?
2026-05-06 19:36:16.216 [main] INFO  c.e.s.a.service.DishService - Промах кэша dishes.byId для id=1: загружаем из репозитория
2026-05-06 19:36:16.218 [main] DEBUG org.hibernate.SQL - select dje1_0.id,dje1_0.description,dje1_0.is_available,dje1_0.name,dje1_0.price,dje1_0.restaurant_id,r1_0.id,r1_0.address,r1_0.name from dishes dje1_0 join restaurants r1_0 on r1_0.id=dje1_0.restaurant_id where dje1_0.id=?
2026-05-06 19:36:16.263 [main] DEBUG org.hibernate.SQL - update dishes set description=?,is_available=?,name=?,price=?,restaurant_id=? where id=?
2026-05-06 19:36:16.282 [main] INFO  c.e.s.a.service.DishService - Обновлено блюдо: id=1, name=Обновлённое блюдо
2026-05-06 19:36:16.467 [main] INFO  c.e.s.a.service.DishService - Промах кэша dishes.findAll: загружаем из репозитория
2026-05-06 19:36:16.470 [main] DEBUG org.hibernate.SQL - select dje1_0.id,dje1_0.description,dje1_0.is_available,dje1_0.name,dje1_0.price,dje1_0.restaurant_id from dishes dje1_0
2026-05-06 19:36:16.476 [main] DEBUG org.hibernate.SQL - select rje1_0.id,rje1_0.address,rje1_0.name from restaurants rje1_0 where rje1_0.id=?
2026-05-06 19:36:16.618 [main] DEBUG org.hibernate.SQL - select rje1_0.id,rje1_0.address,rje1_0.name from restaurants rje1_0 where rje1_0.name=?
2026-05-06 19:36:16.623 [main] DEBUG org.hibernate.SQL - insert into restaurants (address,name) values (?,?)
2026-05-06 19:36:16.633 [main] INFO  c.e.s.a.service.RestaurantService - Создан ресторан: id=2, name=Рест-1755441618500
2026-05-06 19:36:16.653 [main] INFO  c.e.s.a.service.RestaurantService - Промах кэша restaurants.findById для id=2: загружаем из репозитория
2026-05-06 19:36:16.655 [main] DEBUG org.hibernate.SQL - select rje1_0.id,rje1_0.address,d1_0.restaurant_id,d1_0.id,d1_0.description,d1_0.is_available,d1_0.name,d1_0.price,rje1_0.name from restaurants rje1_0 left join dishes d1_0 on rje1_0.id=d1_0.restaurant_id where rje1_0.id=?
2026-05-06 19:36:16.667 [main] DEBUG org.hibernate.SQL - select dje1_0.id,dje1_0.description,dje1_0.is_available,dje1_0.name,dje1_0.price,dje1_0.restaurant_id from dishes dje1_0 where lower(dje1_0.name)=lower(?) and dje1_0.restaurant_id=?
2026-05-06 19:36:16.675 [main] DEBUG org.hibernate.SQL - insert into dishes (description,is_available,name,price,restaurant_id) values (?,?,?,?,?)
2026-05-06 19:36:16.684 [main] INFO  c.e.s.a.service.DishService - Создано блюдо: id=2, name=Блюдо-1755474562200
2026-05-06 19:36:16.833 [main] INFO  c.e.s.a.service.DishService - Промах кэша dishes.findAll: загружаем из репозитория
2026-05-06 19:36:16.836 [main] DEBUG org.hibernate.SQL - select dje1_0.id,dje1_0.description,dje1_0.is_available,dje1_0.name,dje1_0.price,dje1_0.restaurant_id from dishes dje1_0
2026-05-06 19:36:16.841 [main] DEBUG org.hibernate.SQL - select rje1_0.id,rje1_0.address,rje1_0.name from restaurants rje1_0 where rje1_0.id=?
2026-05-06 19:36:16.847 [main] DEBUG org.hibernate.SQL - select rje1_0.id,rje1_0.address,rje1_0.name from restaurants rje1_0 where rje1_0.id=?
2026-05-06 19:36:21.265 [main] INFO  c.e.s.cache.RestaurantCacheTest - Starting RestaurantCacheTest using Java 17.0.12 with PID 8852 (started by lidiya in C:\Users\lidiya\IdeaProjects\spring-jpa-lab)
2026-05-06 19:36:21.266 [main] DEBUG c.e.s.cache.RestaurantCacheTest - Running with Spring Boot v4.0.0, Spring v7.0.1
2026-05-06 19:36:21.266 [main] INFO  c.e.s.cache.RestaurantCacheTest - The following 1 profile is active: "test"
2026-05-06 19:36:25.020 [main] WARN  o.s.b.j.a.JpaBaseConfiguration$JpaWebConfiguration - spring.jpa.open-in-view is enabled by default. Therefore, database queries may be performed during view rendering. Explicitly configure spring.jpa.open-in-view to disable this warning
2026-05-06 19:36:25.510 [main] DEBUG c.e.s.s.JwtAuthenticationFilter - Filter 'jwtAuthenticationFilter' configured for use
2026-05-06 19:36:25.536 [main] INFO  c.e.s.cache.RestaurantCacheTest - Started RestaurantCacheTest in 4.408 seconds (process running for 65.628)
2026-05-06 19:36:25.649 [main] DEBUG org.hibernate.SQL - select rje1_0.id,rje1_0.address,rje1_0.name from restaurants rje1_0 where rje1_0.name=?
2026-05-06 19:36:25.661 [main] DEBUG org.hibernate.SQL - insert into restaurants (address,name) values (?,?)
2026-05-06 19:36:25.670 [main] INFO  c.e.s.a.service.RestaurantService - Создан ресторан: id=3, name=Для обновления
2026-05-06 19:36:25.695 [main] INFO  c.e.s.a.service.RestaurantService - Промах кэша restaurants.findById для id=3: загружаем из репозитория
2026-05-06 19:36:25.701 [main] DEBUG org.hibernate.SQL - select rje1_0.id,rje1_0.address,d1_0.restaurant_id,d1_0.id,d1_0.description,d1_0.is_available,d1_0.name,d1_0.price,rje1_0.name from restaurants rje1_0 left join dishes d1_0 on rje1_0.id=d1_0.restaurant_id where rje1_0.id=?
2026-05-06 19:36:25.714 [main] DEBUG org.hibernate.SQL - update restaurants set address=?,name=? where id=?
2026-05-06 19:36:25.723 [main] INFO  c.e.s.a.service.RestaurantService - Обновлен ресторан: id=3, name=Обновлённый
2026-05-06 19:36:25.914 [main] INFO  c.e.s.a.service.RestaurantService - Промах кэша restaurants.findAll: загружаем из репозитория
2026-05-06 19:36:25.917 [main] DEBUG org.hibernate.SQL - select rje1_0.id,rje1_0.address,rje1_0.name from restaurants rje1_0
2026-05-06 19:36:25.930 [main] DEBUG org.hibernate.SQL - select d1_0.restaurant_id,d1_0.id,d1_0.description,d1_0.is_available,d1_0.name,d1_0.price from dishes d1_0 where d1_0.restaurant_id=?
2026-05-06 19:36:25.935 [main] DEBUG org.hibernate.SQL - select d1_0.restaurant_id,d1_0.id,d1_0.description,d1_0.is_available,d1_0.name,d1_0.price from dishes d1_0 where d1_0.restaurant_id=?
2026-05-06 19:36:25.941 [main] DEBUG org.hibernate.SQL - select d1_0.restaurant_id,d1_0.id,d1_0.description,d1_0.is_available,d1_0.name,d1_0.price from dishes d1_0 where d1_0.restaurant_id=?
2026-05-06 19:36:26.096 [main] DEBUG org.hibernate.SQL - select rje1_0.id,rje1_0.address,rje1_0.name from restaurants rje1_0 where rje1_0.name=?
2026-05-06 19:36:26.100 [main] DEBUG org.hibernate.SQL - insert into restaurants (address,name) values (?,?)
2026-05-06 19:36:26.110 [main] INFO  c.e.s.a.service.RestaurantService - Создан ресторан: id=4, name=Для инвалидации-1764923988900
2026-05-06 19:36:26.125 [main] INFO  c.e.s.a.service.RestaurantService - Промах кэша restaurants.findById для id=4: загружаем из репозитория
2026-05-06 19:36:26.126 [main] DEBUG org.hibernate.SQL - select rje1_0.id,rje1_0.address,d1_0.restaurant_id,d1_0.id,d1_0.description,d1_0.is_available,d1_0.name,d1_0.price,rje1_0.name from restaurants rje1_0 left join dishes d1_0 on rje1_0.id=d1_0.restaurant_id where rje1_0.id=?
2026-05-06 19:36:26.264 [main] DEBUG org.hibernate.SQL - select rje1_0.id,rje1_0.address,rje1_0.name from restaurants rje1_0 where rje1_0.name=?
2026-05-06 19:36:26.268 [main] DEBUG org.hibernate.SQL - insert into restaurants (address,name) values (?,?)
2026-05-06 19:36:26.277 [main] INFO  c.e.s.a.service.RestaurantService - Создан ресторан: id=5, name=Новый-1765094640200
2026-05-06 19:36:28.687 [main] INFO  c.e.springjpalab.cache.UserCacheTest - Starting UserCacheTest using Java 17.0.12 with PID 8852 (started by lidiya in C:\Users\lidiya\IdeaProjects\spring-jpa-lab)
2026-05-06 19:36:28.689 [main] DEBUG c.e.springjpalab.cache.UserCacheTest - Running with Spring Boot v4.0.0, Spring v7.0.1
2026-05-06 19:36:28.690 [main] INFO  c.e.springjpalab.cache.UserCacheTest - The following 1 profile is active: "test"
2026-05-06 19:36:31.444 [main] WARN  o.s.b.j.a.JpaBaseConfiguration$JpaWebConfiguration - spring.jpa.open-in-view is enabled by default. Therefore, database queries may be performed during view rendering. Explicitly configure spring.jpa.open-in-view to disable this warning
2026-05-06 19:36:31.989 [main] DEBUG c.e.s.s.JwtAuthenticationFilter - Filter 'jwtAuthenticationFilter' configured for use
2026-05-06 19:36:32.012 [main] INFO  c.e.springjpalab.cache.UserCacheTest - Started UserCacheTest in 3.419 seconds (process running for 72.104)
2026-05-06 19:36:32.163 [main] DEBUG org.hibernate.SQL - select uje1_0.id from users uje1_0 where uje1_0.email=? fetch first ? rows only
2026-05-06 19:36:32.633 [main] DEBUG org.hibernate.SQL - insert into users (email,first_name,is_active,last_name,password,role) values (?,?,?,?,?,?)
2026-05-06 19:36:32.783 [main] INFO  c.e.s.a.service.AuthService - Зарегистрирован пользователь: cache-user-1770928085700@mail.test
2026-05-06 19:36:33.197 [main] INFO  c.e.s.a.service.UserService - Промах кэша users.findAll: загружаем из репозитория
2026-05-06 19:36:33.202 [main] DEBUG org.hibernate.SQL - select uje1_0.id,uje1_0.email,uje1_0.first_name,uje1_0.is_active,uje1_0.last_name,uje1_0.password,uje1_0.role from users uje1_0
2026-05-06 19:36:33.272 [main] INFO  c.e.s.a.service.UserService - Промах кэша users.byId для id=1: загружаем из репозитория
2026-05-06 19:36:33.274 [main] DEBUG org.hibernate.SQL - select uje1_0.id,uje1_0.email,uje1_0.first_name,uje1_0.is_active,uje1_0.last_name,uje1_0.password,uje1_0.role from users uje1_0 where uje1_0.id=?
2026-05-06 19:36:33.287 [main] DEBUG org.hibernate.SQL - update users set email=?,first_name=?,is_active=?,last_name=?,password=?,role=? where id=?
2026-05-06 19:36:33.295 [main] INFO  c.e.s.a.service.UserService - Обновлен пользователь: id=1, email=cache-user-1770928085700@mail.test
2026-05-06 19:36:33.460 [main] DEBUG org.hibernate.SQL - select uje1_0.id from users uje1_0 where uje1_0.email=? fetch first ? rows only
2026-05-06 19:36:33.606 [main] DEBUG org.hibernate.SQL - insert into users (email,first_name,is_active,last_name,password,role) values (?,?,?,?,?,?)
2026-05-06 19:36:33.614 [main] INFO  c.e.s.a.service.AuthService - Зарегистрирован пользователь: cache-user-1772285946200@mail.test
2026-05-06 19:36:33.626 [main] INFO  c.e.s.a.service.UserService - Промах кэша users.findAll: загружаем из репозитория
2026-05-06 19:36:33.630 [main] DEBUG org.hibernate.SQL - select uje1_0.id,uje1_0.email,uje1_0.first_name,uje1_0.is_active,uje1_0.last_name,uje1_0.password,uje1_0.role from users uje1_0
2026-05-06 19:36:33.652 [main] INFO  c.e.s.a.service.UserService - Промах кэша users.byId для id=2: загружаем из репозитория
2026-05-06 19:36:33.653 [main] DEBUG org.hibernate.SQL - select uje1_0.id,uje1_0.email,uje1_0.first_name,uje1_0.is_active,uje1_0.last_name,uje1_0.password,uje1_0.role from users uje1_0 where uje1_0.id=?
2026-05-06 19:36:33.788 [main] DEBUG org.hibernate.SQL - select uje1_0.id from users uje1_0 where uje1_0.email=? fetch first ? rows only
2026-05-06 19:36:33.947 [main] DEBUG org.hibernate.SQL - insert into users (email,first_name,is_active,last_name,password,role) values (?,?,?,?,?,?)
2026-05-06 19:36:33.955 [main] INFO  c.e.s.a.service.AuthService - Зарегистрирован пользователь: cache-user-1772616784500@mail.test
2026-05-06 19:36:34.097 [main] INFO  c.e.s.a.service.UserService - Промах кэша users.findAll: загружаем из репозитория
2026-05-06 19:36:34.102 [main] DEBUG org.hibernate.SQL - select uje1_0.id,uje1_0.email,uje1_0.first_name,uje1_0.is_active,uje1_0.last_name,uje1_0.password,uje1_0.role from users uje1_0
2026-05-06 19:36:41.128 [main] INFO  c.e.s.c.RestaurantIntegrationTest - Starting RestaurantIntegrationTest using Java 17.0.12 with PID 8852 (started by lidiya in C:\Users\lidiya\IdeaProjects\spring-jpa-lab)
2026-05-06 19:36:41.128 [main] DEBUG c.e.s.c.RestaurantIntegrationTest - Running with Spring Boot v4.0.0, Spring v7.0.1
2026-05-06 19:36:41.129 [main] INFO  c.e.s.c.RestaurantIntegrationTest - The following 1 profile is active: "test"
2026-05-06 19:36:43.846 [main] WARN  o.s.b.j.a.JpaBaseConfiguration$JpaWebConfiguration - spring.jpa.open-in-view is enabled by default. Therefore, database queries may be performed during view rendering. Explicitly configure spring.jpa.open-in-view to disable this warning
2026-05-06 19:36:44.367 [main] DEBUG c.e.s.s.JwtAuthenticationFilter - Filter 'jwtAuthenticationFilter' configured for use
2026-05-06 19:36:44.402 [main] INFO  c.e.s.c.RestaurantIntegrationTest - Started RestaurantIntegrationTest in 3.357 seconds (process running for 84.494)
2026-05-06 19:36:44.439 [main] DEBUG org.hibernate.SQL - select rje1_0.id,rje1_0.address,rje1_0.name from restaurants rje1_0 where rje1_0.name=?
2026-05-06 19:36:44.451 [main] DEBUG org.hibernate.SQL - insert into restaurants (address,name) values (?,?)
2026-05-06 19:36:44.458 [main] INFO  c.e.s.a.service.RestaurantService - Создан ресторан: id=1, name=Find Me
2026-05-06 19:36:44.640 [main] INFO  c.e.s.a.service.RestaurantService - Промах кэша restaurants.findById для id=1: загружаем из репозитория
2026-05-06 19:36:44.644 [main] DEBUG org.hibernate.SQL - select rje1_0.id,rje1_0.address,d1_0.restaurant_id,d1_0.id,d1_0.description,d1_0.is_available,d1_0.name,d1_0.price,rje1_0.name from restaurants rje1_0 left join dishes d1_0 on rje1_0.id=d1_0.restaurant_id where rje1_0.id=?
2026-05-06 19:36:44.721 [main] WARN  c.e.s.a.i.h.GlobalExceptionHandler - MethodArgumentNotValidException: Validation failed for argument [0] in public org.springframework.http.ResponseEntity<com.example.springjpalab.adapter.input.dto.restaurant.RestaurantResponse> com.example.springjpalab.adapter.input.controller.RestaurantController.createRestaurant(com.example.springjpalab.adapter.input.dto.restaurant.RestaurantCreateRequest) with 2 errors: [Field error in object 'restaurantCreateRequest' on field 'name': rejected value []; codes [Size.restaurantCreateRequest.name,Size.name,Size.java.lang.String,Size]; arguments [org.springframework.context.support.DefaultMessageSourceResolvable: codes [restaurantCreateRequest.name,name]; arguments []; default message [name],2147483647,1]; default message [Name must be at least 1 character]] [Field error in object 'restaurantCreateRequest' on field 'name': rejected value []; codes [NotBlank.restaurantCreateRequest.name,NotBlank.name,NotBlank.java.lang.String,NotBlank]; arguments [org.springframework.context.support.DefaultMessageSourceResolvable: codes [restaurantCreateRequest.name,name]; arguments []; default message [name]]; default message [Name cannot be blank]] 
2026-05-06 19:36:44.769 [main] INFO  c.e.s.a.service.RestaurantService - Промах кэша restaurants.findById для id=999999: загружаем из репозитория
2026-05-06 19:36:44.771 [main] DEBUG org.hibernate.SQL - select rje1_0.id,rje1_0.address,d1_0.restaurant_id,d1_0.id,d1_0.description,d1_0.is_available,d1_0.name,d1_0.price,rje1_0.name from restaurants rje1_0 left join dishes d1_0 on rje1_0.id=d1_0.restaurant_id where rje1_0.id=?
2026-05-06 19:36:44.775 [main] WARN  c.e.s.a.service.RestaurantService - Ресторан с id=999999 не найден
2026-05-06 19:36:44.779 [main] WARN  c.e.s.a.i.h.GlobalExceptionHandler - Ресторан с id=999999 не найден
2026-05-06 19:36:44.799 [main] DEBUG org.hibernate.SQL - select rje1_0.id,rje1_0.address,rje1_0.name from restaurants rje1_0 where rje1_0.name=?
2026-05-06 19:36:44.804 [main] DEBUG org.hibernate.SQL - insert into restaurants (address,name) values (?,?)
2026-05-06 19:36:44.811 [main] INFO  c.e.s.a.service.RestaurantService - Создан ресторан: id=2, name=Old Name
2026-05-06 19:36:44.830 [main] WARN  c.e.s.a.i.h.GlobalExceptionHandler - MethodArgumentNotValidException: Validation failed for argument [1] in public org.springframework.http.ResponseEntity<com.example.springjpalab.adapter.input.dto.restaurant.RestaurantResponse> com.example.springjpalab.adapter.input.controller.RestaurantController.updateUserById(long,com.example.springjpalab.adapter.input.dto.restaurant.RestaurantUpdateRequest) with 2 errors: [Field error in object 'restaurantUpdateRequest' on field 'name': rejected value []; codes [NotBlank.restaurantUpdateRequest.name,NotBlank.name,NotBlank.java.lang.String,NotBlank]; arguments [org.springframework.context.support.DefaultMessageSourceResolvable: codes [restaurantUpdateRequest.name,name]; arguments []; default message [name]]; default message [Name cannot be blank]] [Field error in object 'restaurantUpdateRequest' on field 'address': rejected value []; codes [NotBlank.restaurantUpdateRequest.address,NotBlank.address,NotBlank.java.lang.String,NotBlank]; arguments [org.springframework.context.support.DefaultMessageSourceResolvable: codes [restaurantUpdateRequest.address,address]; arguments []; default message [address]]; default message [Address cannot be blank]] 
2026-05-06 19:36:44.848 [main] DEBUG org.hibernate.SQL - select rje1_0.id,rje1_0.address,rje1_0.name from restaurants rje1_0 where rje1_0.name=?
2026-05-06 19:36:44.853 [main] DEBUG org.hibernate.SQL - insert into restaurants (address,name) values (?,?)
2026-05-06 19:36:44.859 [main] INFO  c.e.s.a.service.RestaurantService - Создан ресторан: id=3, name=First
2026-05-06 19:36:44.868 [main] DEBUG org.hibernate.SQL - select rje1_0.id,rje1_0.address,rje1_0.name from restaurants rje1_0 where rje1_0.name=?
2026-05-06 19:36:44.872 [main] DEBUG org.hibernate.SQL - insert into restaurants (address,name) values (?,?)
2026-05-06 19:36:44.878 [main] INFO  c.e.s.a.service.RestaurantService - Создан ресторан: id=4, name=Second
2026-05-06 19:36:44.898 [main] INFO  c.e.s.a.service.RestaurantService - Промах кэша restaurants.findAll: загружаем из репозитория
2026-05-06 19:36:44.903 [main] DEBUG org.hibernate.SQL - select rje1_0.id,rje1_0.address,rje1_0.name from restaurants rje1_0
2026-05-06 19:36:44.911 [main] DEBUG org.hibernate.SQL - select d1_0.restaurant_id,d1_0.id,d1_0.description,d1_0.is_available,d1_0.name,d1_0.price from dishes d1_0 where d1_0.restaurant_id=?
2026-05-06 19:36:44.915 [main] DEBUG org.hibernate.SQL - select d1_0.restaurant_id,d1_0.id,d1_0.description,d1_0.is_available,d1_0.name,d1_0.price from dishes d1_0 where d1_0.restaurant_id=?
2026-05-06 19:36:44.919 [main] DEBUG org.hibernate.SQL - select d1_0.restaurant_id,d1_0.id,d1_0.description,d1_0.is_available,d1_0.name,d1_0.price from dishes d1_0 where d1_0.restaurant_id=?
2026-05-06 19:36:44.923 [main] DEBUG org.hibernate.SQL - select d1_0.restaurant_id,d1_0.id,d1_0.description,d1_0.is_available,d1_0.name,d1_0.price from dishes d1_0 where d1_0.restaurant_id=?
2026-05-06 19:36:44.969 [main] WARN  c.e.s.a.i.h.GlobalExceptionHandler - MethodArgumentNotValidException: Validation failed for argument [0] in public org.springframework.http.ResponseEntity<com.example.springjpalab.adapter.input.dto.restaurant.RestaurantResponse> com.example.springjpalab.adapter.input.controller.RestaurantController.createRestaurant(com.example.springjpalab.adapter.input.dto.restaurant.RestaurantCreateRequest) with 2 errors: [Field error in object 'restaurantCreateRequest' on field 'address': rejected value []; codes [Size.restaurantCreateRequest.address,Size.address,Size.java.lang.String,Size]; arguments [org.springframework.context.support.DefaultMessageSourceResolvable: codes [restaurantCreateRequest.address,address]; arguments []; default message [address],2147483647,1]; default message [Address must be at least 1 character]] [Field error in object 'restaurantCreateRequest' on field 'address': rejected value []; codes [NotBlank.restaurantCreateRequest.address,NotBlank.address,NotBlank.java.lang.String,NotBlank]; arguments [org.springframework.context.support.DefaultMessageSourceResolvable: codes [restaurantCreateRequest.address,address]; arguments []; default message [address]]; default message [Address cannot be blank]] 
2026-05-06 19:36:44.990 [main] WARN  c.e.s.a.i.h.GlobalExceptionHandler - HttpMessageNotReadableException (invalid request body)
org.springframework.http.converter.HttpMessageNotReadableException: JSON parse error: Cannot construct instance of `com.example.springjpalab.adapter.input.dto.restaurant.RestaurantCreateRequest`, problem: Parameter specified as non-null is null: method com.example.springjpalab.adapter.input.dto.restaurant.RestaurantCreateRequest.<init>, parameter name
	at org.springframework.http.converter.AbstractJacksonHttpMessageConverter.readJavaType(AbstractJacksonHttpMessageConverter.java:366)
	at org.springframework.http.converter.AbstractJacksonHttpMessageConverter.read(AbstractJacksonHttpMessageConverter.java:322)
	at org.springframework.web.servlet.mvc.method.annotation.AbstractMessageConverterMethodArgumentResolver.readWithMessageConverters(AbstractMessageConverterMethodArgumentResolver.java:203)
	at org.springframework.web.servlet.mvc.method.annotation.RequestResponseBodyMethodProcessor.readWithMessageConverters(RequestResponseBodyMethodProcessor.java:175)
	at org.springframework.web.servlet.mvc.method.annotation.RequestResponseBodyMethodProcessor.resolveArgument(RequestResponseBodyMethodProcessor.java:150)
	at org.springframework.web.method.support.HandlerMethodArgumentResolverComposite.resolveArgument(HandlerMethodArgumentResolverComposite.java:122)
	at org.springframework.web.method.support.InvocableHandlerMethod.getMethodArgumentValues(InvocableHandlerMethod.java:230)
	at org.springframework.web.method.support.InvocableHandlerMethod.invokeForRequest(InvocableHandlerMethod.java:180)
	at org.springframework.web.servlet.mvc.method.annotation.ServletInvocableHandlerMethod.invokeAndHandle(ServletInvocableHandlerMethod.java:117)
	at org.springframework.web.servlet.mvc.method.annotation.RequestMappingHandlerAdapter.invokeHandlerMethod(RequestMappingHandlerAdapter.java:934)
	at org.springframework.web.servlet.mvc.method.annotation.RequestMappingHandlerAdapter.handleInternal(RequestMappingHandlerAdapter.java:853)
	at org.springframework.web.servlet.mvc.method.AbstractHandlerMethodAdapter.handle(AbstractHandlerMethodAdapter.java:86)
	at org.springframework.web.servlet.DispatcherServlet.doDispatch(DispatcherServlet.java:963)
	at org.springframework.web.servlet.DispatcherServlet.doService(DispatcherServlet.java:866)
	at org.springframework.web.servlet.FrameworkServlet.processRequest(FrameworkServlet.java:1003)
	at org.springframework.web.servlet.FrameworkServlet.doPost(FrameworkServlet.java:903)
	at jakarta.servlet.http.HttpServlet.service(HttpServlet.java:649)
	at org.springframework.web.servlet.FrameworkServlet.service(FrameworkServlet.java:874)
	at org.springframework.test.web.servlet.TestDispatcherServlet.service(TestDispatcherServlet.java:72)
	at jakarta.servlet.http.HttpServlet.service(HttpServlet.java:710)
	at org.springframework.mock.web.MockFilterChain$ServletFilterProxy.doFilter(MockFilterChain.java:160)
	at org.springframework.mock.web.MockFilterChain.doFilter(MockFilterChain.java:127)
	at org.springframework.web.filter.OncePerRequestFilter.doFilter(OncePerRequestFilter.java:110)
	at org.springframework.test.web.servlet.setup.MockMvcFilterDecorator.doFilter(MockMvcFilterDecorator.java:160)
	at org.springframework.mock.web.MockFilterChain.doFilter(MockFilterChain.java:127)
	at org.springframework.web.filter.CompositeFilter$VirtualFilterChain.doFilter(CompositeFilter.java:108)
	at org.springframework.security.web.FilterChainProxy.lambda$doFilterInternal$3(FilterChainProxy.java:235)
	at org.springframework.security.web.FilterChainProxy$VirtualFilterChain.doFilter(FilterChainProxy.java:371)
	at org.springframework.security.web.access.intercept.AuthorizationFilter.doFilter(AuthorizationFilter.java:101)
	at org.springframework.security.web.FilterChainProxy$VirtualFilterChain.doFilter(FilterChainProxy.java:380)
	at org.springframework.security.web.access.ExceptionTranslationFilter.doFilter(ExceptionTranslationFilter.java:126)
	at org.springframework.security.web.access.ExceptionTranslationFilter.doFilter(ExceptionTranslationFilter.java:120)
	at org.springframework.security.web.FilterChainProxy$VirtualFilterChain.doFilter(FilterChainProxy.java:380)
	at org.springframework.security.web.session.SessionManagementFilter.doFilter(SessionManagementFilter.java:132)
	at org.springframework.security.web.session.SessionManagementFilter.doFilter(SessionManagementFilter.java:86)
	at org.springframework.security.web.FilterChainProxy$VirtualFilterChain.doFilter(FilterChainProxy.java:380)
	at org.springframework.security.web.authentication.AnonymousAuthenticationFilter.doFilter(AnonymousAuthenticationFilter.java:100)
	at org.springframework.security.web.FilterChainProxy$VirtualFilterChain.doFilter(FilterChainProxy.java:380)
	at org.springframework.security.web.servletapi.SecurityContextHolderAwareRequestFilter.doFilter(SecurityContextHolderAwareRequestFilter.java:181)
	at org.springframework.security.web.FilterChainProxy$VirtualFilterChain.doFilter(FilterChainProxy.java:380)
	at org.springframework.security.web.savedrequest.RequestCacheAwareFilter.doFilter(RequestCacheAwareFilter.java:63)
	at org.springframework.security.web.FilterChainProxy$VirtualFilterChain.doFilter(FilterChainProxy.java:380)
	at com.example.springjpalab.security.JwtAuthenticationFilter.doFilterInternal(JwtAuthenticationFilter.kt:29)
	at org.springframework.web.filter.OncePerRequestFilter.doFilter(OncePerRequestFilter.java:116)
	at org.springframework.security.web.FilterChainProxy$VirtualFilterChain.doFilter(FilterChainProxy.java:380)
	at org.springframework.security.web.authentication.logout.LogoutFilter.doFilter(LogoutFilter.java:110)
	at org.springframework.security.web.authentication.logout.LogoutFilter.doFilter(LogoutFilter.java:96)
	at org.springframework.security.web.FilterChainProxy$VirtualFilterChain.doFilter(FilterChainProxy.java:380)
	at org.springframework.security.web.header.HeaderWriterFilter.doHeadersAfter(HeaderWriterFilter.java:90)
	at org.springframework.security.web.header.HeaderWriterFilter.doFilterInternal(HeaderWriterFilter.java:75)
	at org.springframework.web.filter.OncePerRequestFilter.doFilter(OncePerRequestFilter.java:116)
	at org.springframework.security.web.FilterChainProxy$VirtualFilterChain.doFilter(FilterChainProxy.java:380)
	at org.springframework.security.web.context.SecurityContextHolderFilter.doFilter(SecurityContextHolderFilter.java:82)
	at org.springframework.security.web.context.SecurityContextHolderFilter.doFilter(SecurityContextHolderFilter.java:69)
	at org.springframework.security.web.FilterChainProxy$VirtualFilterChain.doFilter(FilterChainProxy.java:380)
	at org.springframework.security.web.context.request.async.WebAsyncManagerIntegrationFilter.doFilterInternal(WebAsyncManagerIntegrationFilter.java:62)
	at org.springframework.web.filter.OncePerRequestFilter.doFilter(OncePerRequestFilter.java:116)
	at org.springframework.security.web.FilterChainProxy$VirtualFilterChain.doFilter(FilterChainProxy.java:380)
	at org.springframework.security.web.session.DisableEncodeUrlFilter.doFilterInternal(DisableEncodeUrlFilter.java:42)
	at org.springframework.web.filter.OncePerRequestFilter.doFilter(OncePerRequestFilter.java:116)
	at org.springframework.security.web.FilterChainProxy$VirtualFilterChain.doFilter(FilterChainProxy.java:380)
	at org.springframework.security.web.FilterChainProxy.doFilterInternal(FilterChainProxy.java:237)
	at org.springframework.security.web.FilterChainProxy.doFilter(FilterChainProxy.java:195)
	at org.springframework.web.filter.CompositeFilter$VirtualFilterChain.doFilter(CompositeFilter.java:113)
	at org.springframework.web.filter.ServletRequestPathFilter.doFilter(ServletRequestPathFilter.java:52)
	at org.springframework.web.filter.CompositeFilter$VirtualFilterChain.doFilter(CompositeFilter.java:113)
	at org.springframework.web.filter.CompositeFilter.doFilter(CompositeFilter.java:74)
	at org.springframework.security.config.annotation.web.configuration.WebSecurityConfiguration$CompositeFilterChainProxy.doFilter(WebSecurityConfiguration.java:317)
	at org.springframework.web.filter.DelegatingFilterProxy.invokeDelegate(DelegatingFilterProxy.java:355)
	at org.springframework.web.filter.DelegatingFilterProxy.doFilter(DelegatingFilterProxy.java:272)
	at org.springframework.test.web.servlet.setup.MockMvcFilterDecorator.doFilter(MockMvcFilterDecorator.java:160)
	at org.springframework.mock.web.MockFilterChain.doFilter(MockFilterChain.java:127)
	at org.springframework.web.filter.RequestContextFilter.doFilterInternal(RequestContextFilter.java:100)
	at org.springframework.web.filter.OncePerRequestFilter.doFilter(OncePerRequestFilter.java:116)
	at org.springframework.test.web.servlet.setup.MockMvcFilterDecorator.doFilter(MockMvcFilterDecorator.java:160)
	at org.springframework.mock.web.MockFilterChain.doFilter(MockFilterChain.java:127)
	at org.springframework.web.filter.FormContentFilter.doFilterInternal(FormContentFilter.java:93)
	at org.springframework.web.filter.OncePerRequestFilter.doFilter(OncePerRequestFilter.java:116)
	at org.springframework.test.web.servlet.setup.MockMvcFilterDecorator.doFilter(MockMvcFilterDecorator.java:160)
	at org.springframework.mock.web.MockFilterChain.doFilter(MockFilterChain.java:127)
	at org.springframework.web.filter.CharacterEncodingFilter.doFilterInternal(CharacterEncodingFilter.java:199)
	at org.springframework.web.filter.OncePerRequestFilter.doFilter(OncePerRequestFilter.java:116)
	at org.springframework.test.web.servlet.setup.MockMvcFilterDecorator.doFilter(MockMvcFilterDecorator.java:160)
	at org.springframework.mock.web.MockFilterChain.doFilter(MockFilterChain.java:127)
	at org.springframework.test.web.servlet.MockMvc.perform(MockMvc.java:199)
	at com.example.springjpalab.controller.RestaurantIntegrationTest.POST restaurant с невалидным body возвращает 400(RestaurantIntegrationTest.kt:132)
	at java.base/jdk.internal.reflect.NativeMethodAccessorImpl.invoke0(Native Method)
	at java.base/jdk.internal.reflect.NativeMethodAccessorImpl.invoke(NativeMethodAccessorImpl.java:77)
	at java.base/jdk.internal.reflect.DelegatingMethodAccessorImpl.invoke(DelegatingMethodAccessorImpl.java:43)
	at java.base/java.lang.reflect.Method.invoke(Method.java:568)
	at org.junit.platform.commons.util.ReflectionUtils.invokeMethod(ReflectionUtils.java:701)
	at org.junit.platform.commons.support.ReflectionSupport.invokeMethod(ReflectionSupport.java:502)
	at org.junit.jupiter.engine.support.MethodReflectionUtils.invoke(MethodReflectionUtils.java:45)
	at org.junit.jupiter.engine.execution.MethodInvocation.proceed(MethodInvocation.java:61)
	at org.junit.jupiter.engine.execution.InvocationInterceptorChain$ValidatingInvocation.proceed(InvocationInterceptorChain.java:124)
	at org.junit.jupiter.engine.extension.TimeoutExtension.intercept(TimeoutExtension.java:163)
	at org.junit.jupiter.engine.extension.TimeoutExtension.interceptTestableMethod(TimeoutExtension.java:148)
	at org.junit.jupiter.engine.extension.TimeoutExtension.interceptTestMethod(TimeoutExtension.java:86)
	at org.junit.jupiter.engine.execution.InterceptingExecutableInvoker$ReflectiveInterceptorCall.lambda$ofVoidMethod$0(InterceptingExecutableInvoker.java:123)
	at org.junit.jupiter.engine.execution.InterceptingExecutableInvoker.lambda$invoke$0(InterceptingExecutableInvoker.java:105)
	at org.junit.jupiter.engine.execution.InvocationInterceptorChain$InterceptedInvocation.proceed(InvocationInterceptorChain.java:99)
	at org.junit.jupiter.engine.execution.InvocationInterceptorChain.proceed(InvocationInterceptorChain.java:66)
	at org.junit.jupiter.engine.execution.InvocationInterceptorChain.chainAndInvoke(InvocationInterceptorChain.java:47)
	at org.junit.jupiter.engine.execution.InvocationInterceptorChain.invoke(InvocationInterceptorChain.java:39)
	at org.junit.jupiter.engine.execution.InterceptingExecutableInvoker.invoke(InterceptingExecutableInvoker.java:104)
	at org.junit.jupiter.engine.execution.InterceptingExecutableInvoker.invoke(InterceptingExecutableInvoker.java:98)
	at org.junit.jupiter.engine.execution.InterceptingExecutableInvoker.invokeVoid(InterceptingExecutableInvoker.java:71)
	at org.junit.jupiter.engine.descriptor.TestMethodTestDescriptor.lambda$invokeTestMethod$0(TestMethodTestDescriptor.java:219)
	at org.junit.platform.engine.support.hierarchical.ThrowableCollector.execute(ThrowableCollector.java:74)
	at org.junit.jupiter.engine.descriptor.TestMethodTestDescriptor.invokeTestMethod(TestMethodTestDescriptor.java:215)
	at org.junit.jupiter.engine.descriptor.TestMethodTestDescriptor.execute(TestMethodTestDescriptor.java:157)
	at org.junit.jupiter.engine.descriptor.TestMethodTestDescriptor.execute(TestMethodTestDescriptor.java:70)
	at org.junit.platform.engine.support.hierarchical.NodeTestTask.lambda$executeRecursively$2(NodeTestTask.java:176)
	at org.junit.platform.engine.support.hierarchical.ThrowableCollector.execute(ThrowableCollector.java:74)
	at org.junit.platform.engine.support.hierarchical.NodeTestTask.lambda$executeRecursively$1(NodeTestTask.java:166)
	at org.junit.platform.engine.support.hierarchical.Node.around(Node.java:138)
	at org.junit.platform.engine.support.hierarchical.NodeTestTask.lambda$executeRecursively$0(NodeTestTask.java:164)
	at org.junit.platform.engine.support.hierarchical.ThrowableCollector.execute(ThrowableCollector.java:74)
	at org.junit.platform.engine.support.hierarchical.NodeTestTask.executeRecursively(NodeTestTask.java:163)
	at org.junit.platform.engine.support.hierarchical.NodeTestTask.execute(NodeTestTask.java:116)
	at java.base/java.util.ArrayList.forEach(ArrayList.java:1511)
	at org.junit.platform.engine.support.hierarchical.SameThreadHierarchicalTestExecutorService.invokeAll(SameThreadHierarchicalTestExecutorService.java:42)
	at org.junit.platform.engine.support.hierarchical.NodeTestTask.lambda$executeRecursively$2(NodeTestTask.java:180)
	at org.junit.platform.engine.support.hierarchical.ThrowableCollector.execute(ThrowableCollector.java:74)
	at org.junit.platform.engine.support.hierarchical.NodeTestTask.lambda$executeRecursively$1(NodeTestTask.java:166)
	at org.junit.platform.engine.support.hierarchical.Node.around(Node.java:138)
	at org.junit.platform.engine.support.hierarchical.NodeTestTask.lambda$executeRecursively$0(NodeTestTask.java:164)
	at org.junit.platform.engine.support.hierarchical.ThrowableCollector.execute(ThrowableCollector.java:74)
	at org.junit.platform.engine.support.hierarchical.NodeTestTask.executeRecursively(NodeTestTask.java:163)
	at org.junit.platform.engine.support.hierarchical.NodeTestTask.execute(NodeTestTask.java:116)
	at java.base/java.util.ArrayList.forEach(ArrayList.java:1511)
	at org.junit.platform.engine.support.hierarchical.SameThreadHierarchicalTestExecutorService.invokeAll(SameThreadHierarchicalTestExecutorService.java:42)
	at org.junit.platform.engine.support.hierarchical.NodeTestTask.lambda$executeRecursively$2(NodeTestTask.java:180)
	at org.junit.platform.engine.support.hierarchical.ThrowableCollector.execute(ThrowableCollector.java:74)
	at org.junit.platform.engine.support.hierarchical.NodeTestTask.lambda$executeRecursively$1(NodeTestTask.java:166)
	at org.junit.platform.engine.support.hierarchical.Node.around(Node.java:138)
	at org.junit.platform.engine.support.hierarchical.NodeTestTask.lambda$executeRecursively$0(NodeTestTask.java:164)
	at org.junit.platform.engine.support.hierarchical.ThrowableCollector.execute(ThrowableCollector.java:74)
	at org.junit.platform.engine.support.hierarchical.NodeTestTask.executeRecursively(NodeTestTask.java:163)
	at org.junit.platform.engine.support.hierarchical.NodeTestTask.execute(NodeTestTask.java:116)
	at org.junit.platform.engine.support.hierarchical.SameThreadHierarchicalTestExecutorService.submit(SameThreadHierarchicalTestExecutorService.java:36)
	at org.junit.platform.engine.support.hierarchical.HierarchicalTestExecutor.execute(HierarchicalTestExecutor.java:52)
	at org.junit.platform.engine.support.hierarchical.HierarchicalTestEngine.execute(HierarchicalTestEngine.java:58)
	at org.junit.platform.launcher.core.EngineExecutionOrchestrator.executeEngine(EngineExecutionOrchestrator.java:246)
	at org.junit.platform.launcher.core.EngineExecutionOrchestrator.failOrExecuteEngine(EngineExecutionOrchestrator.java:218)
	at org.junit.platform.launcher.core.EngineExecutionOrchestrator.execute(EngineExecutionOrchestrator.java:179)
	at org.junit.platform.launcher.core.EngineExecutionOrchestrator.execute(EngineExecutionOrchestrator.java:108)
	at org.junit.platform.launcher.core.EngineExecutionOrchestrator.lambda$execute$0(EngineExecutionOrchestrator.java:66)
	at org.junit.platform.launcher.core.EngineExecutionOrchestrator.withInterceptedStreams(EngineExecutionOrchestrator.java:157)
	at org.junit.platform.launcher.core.EngineExecutionOrchestrator.execute(EngineExecutionOrchestrator.java:65)
	at org.junit.platform.launcher.core.DefaultLauncher.execute(DefaultLauncher.java:125)
	at org.junit.platform.launcher.core.DefaultLauncher.execute(DefaultLauncher.java:114)
	at org.junit.platform.launcher.core.DelegatingLauncher.execute(DelegatingLauncher.java:58)
	at org.junit.platform.launcher.core.InterceptingLauncher.lambda$execute$2(InterceptingLauncher.java:57)
	at org.junit.platform.launcher.core.ClasspathAlignmentCheckingLauncherInterceptor.intercept(ClasspathAlignmentCheckingLauncherInterceptor.java:25)
	at org.junit.platform.launcher.core.InterceptingLauncher.execute(InterceptingLauncher.java:56)
	at org.junit.platform.launcher.core.DelegatingLauncher.execute(DelegatingLauncher.java:58)
	at java.base/jdk.internal.reflect.NativeMethodAccessorImpl.invoke0(Native Method)
	at java.base/jdk.internal.reflect.NativeMethodAccessorImpl.invoke(NativeMethodAccessorImpl.java:77)
	at java.base/jdk.internal.reflect.DelegatingMethodAccessorImpl.invoke(DelegatingMethodAccessorImpl.java:43)
	at java.base/java.lang.reflect.Method.invoke(Method.java:568)
	at org.apache.maven.surefire.api.util.ReflectionUtils.invokeMethodWithArray(ReflectionUtils.java:125)
	at org.apache.maven.surefire.junitplatform.LauncherAdapter.executeWithCancellationToken(LauncherAdapter.java:68)
	at org.apache.maven.surefire.junitplatform.LauncherAdapter.execute(LauncherAdapter.java:54)
	at org.apache.maven.surefire.junitplatform.JUnitPlatformProvider.execute(JUnitPlatformProvider.java:203)
	at org.apache.maven.surefire.junitplatform.JUnitPlatformProvider.invokeAllTests(JUnitPlatformProvider.java:168)
	at org.apache.maven.surefire.junitplatform.JUnitPlatformProvider.invoke(JUnitPlatformProvider.java:136)
	at org.apache.maven.surefire.booter.ForkedBooter.runSuitesInProcess(ForkedBooter.java:385)
	at org.apache.maven.surefire.booter.ForkedBooter.execute(ForkedBooter.java:162)
	at org.apache.maven.surefire.booter.ForkedBooter.run(ForkedBooter.java:507)
	at org.apache.maven.surefire.booter.ForkedBooter.main(ForkedBooter.java:495)
Caused by: tools.jackson.databind.exc.ValueInstantiationException: Cannot construct instance of `com.example.springjpalab.adapter.input.dto.restaurant.RestaurantCreateRequest`, problem: Parameter specified as non-null is null: method com.example.springjpalab.adapter.input.dto.restaurant.RestaurantCreateRequest.<init>, parameter name
 at [Source: REDACTED (`StreamReadFeature.INCLUDE_SOURCE_IN_LOCATION` disabled); byte offset: #1]
	at tools.jackson.databind.exc.ValueInstantiationException.from(ValueInstantiationException.java:44)
	at tools.jackson.databind.DeserializationContext.instantiationException(DeserializationContext.java:2080)
	at tools.jackson.databind.deser.std.StdValueInstantiator.wrapAsDatabindException(StdValueInstantiator.java:581)
	at tools.jackson.databind.deser.std.StdValueInstantiator.rewrapCtorProblem(StdValueInstantiator.java:602)
	at tools.jackson.databind.deser.std.StdValueInstantiator.createFromObjectWith(StdValueInstantiator.java:289)
	at tools.jackson.databind.deser.ValueInstantiator.createFromObjectWith(ValueInstantiator.java:270)
	at tools.jackson.databind.deser.bean.PropertyBasedCreator.build(PropertyBasedCreator.java:252)
	at tools.jackson.databind.deser.bean.BeanDeserializer._deserializeUsingPropertyBased(BeanDeserializer.java:697)
	at tools.jackson.databind.deser.bean.BeanDeserializerBase.deserializeFromObjectUsingNonDefault(BeanDeserializerBase.java:1417)
	at tools.jackson.databind.deser.bean.BeanDeserializer.deserializeFromObject(BeanDeserializer.java:480)
	at tools.jackson.databind.deser.bean.BeanDeserializer.deserialize(BeanDeserializer.java:200)
	at tools.jackson.databind.deser.DeserializationContextExt.readRootValue(DeserializationContextExt.java:265)
	at tools.jackson.databind.ObjectReader._bindAndClose(ObjectReader.java:1646)
	at tools.jackson.databind.ObjectReader.readValue(ObjectReader.java:1171)
	at org.springframework.http.converter.AbstractJacksonHttpMessageConverter.readJavaType(AbstractJacksonHttpMessageConverter.java:355)
	... 170 common frames omitted
Caused by: java.lang.NullPointerException: Parameter specified as non-null is null: method com.example.springjpalab.adapter.input.dto.restaurant.RestaurantCreateRequest.<init>, parameter name
	at com.example.springjpalab.adapter.input.dto.restaurant.RestaurantCreateRequest.<init>(RestaurantCreateRequest.kt)
	at java.base/java.lang.invoke.MethodHandle.invokeWithArguments(MethodHandle.java:732)
	at tools.jackson.databind.introspect.AnnotatedConstructor.call(AnnotatedConstructor.java:113)
	at tools.jackson.databind.deser.std.StdValueInstantiator.createFromObjectWith(StdValueInstantiator.java:287)
	... 180 common frames omitted
2026-05-06 19:36:45.027 [main] DEBUG org.hibernate.SQL - select rje1_0.id,rje1_0.address,rje1_0.name from restaurants rje1_0 where rje1_0.name=?
2026-05-06 19:36:45.032 [main] DEBUG org.hibernate.SQL - insert into restaurants (address,name) values (?,?)
2026-05-06 19:36:45.040 [main] INFO  c.e.s.a.service.RestaurantService - Создан ресторан: id=5, name=Тест
2026-05-06 19:36:45.057 [main] DEBUG org.hibernate.SQL - select rje1_0.id,rje1_0.address,rje1_0.name from restaurants rje1_0 where rje1_0.name=?
2026-05-06 19:36:45.062 [main] DEBUG org.hibernate.SQL - insert into restaurants (address,name) values (?,?)
2026-05-06 19:36:45.069 [main] INFO  c.e.s.a.service.RestaurantService - Создан ресторан: id=6, name=First1
2026-05-06 19:36:45.077 [main] DEBUG org.hibernate.SQL - select rje1_0.id,rje1_0.address,rje1_0.name from restaurants rje1_0 where rje1_0.name=?
2026-05-06 19:36:45.081 [main] DEBUG org.hibernate.SQL - select d1_0.restaurant_id,d1_0.id,d1_0.description,d1_0.is_available,d1_0.name,d1_0.price from dishes d1_0 where d1_0.restaurant_id=?
2026-05-06 19:36:45.085 [main] WARN  c.e.s.a.service.RestaurantService - Ресторан 'First1' уже существует
2026-05-06 19:36:45.087 [main] WARN  c.e.s.a.i.h.GlobalExceptionHandler - Ресторан 'First1' уже существует
2026-05-06 19:36:45.103 [main] DEBUG org.hibernate.SQL - select rje1_0.id,rje1_0.address,rje1_0.name from restaurants rje1_0 where rje1_0.name=?
2026-05-06 19:36:45.109 [main] DEBUG org.hibernate.SQL - insert into restaurants (address,name) values (?,?)
2026-05-06 19:36:45.116 [main] INFO  c.e.s.a.service.RestaurantService - Создан ресторан: id=7, name=Old Name 1778071005098
2026-05-06 19:36:45.126 [main] INFO  c.e.s.a.service.RestaurantService - Промах кэша restaurants.findById для id=7: загружаем из репозитория
2026-05-06 19:36:45.127 [main] DEBUG org.hibernate.SQL - select rje1_0.id,rje1_0.address,d1_0.restaurant_id,d1_0.id,d1_0.description,d1_0.is_available,d1_0.name,d1_0.price,rje1_0.name from restaurants rje1_0 left join dishes d1_0 on rje1_0.id=d1_0.restaurant_id where rje1_0.id=?
2026-05-06 19:36:45.134 [main] DEBUG org.hibernate.SQL - update restaurants set address=?,name=? where id=?
2026-05-06 19:36:45.140 [main] INFO  c.e.s.a.service.RestaurantService - Обновлен ресторан: id=7, name=New Name
2026-05-06 19:36:45.179 [main] DEBUG org.hibernate.SQL - select rje1_0.id,rje1_0.address,rje1_0.name from restaurants rje1_0 where rje1_0.name=?
2026-05-06 19:36:45.183 [main] DEBUG org.hibernate.SQL - insert into restaurants (address,name) values (?,?)
2026-05-06 19:36:45.190 [main] INFO  c.e.s.a.service.RestaurantService - Создан ресторан: id=8, name=ToDelete1
2026-05-06 19:36:45.199 [main] DEBUG org.hibernate.SQL - select rje1_0.id,rje1_0.address,rje1_0.name from restaurants rje1_0 where rje1_0.name=?
2026-05-06 19:36:45.203 [main] DEBUG org.hibernate.SQL - insert into restaurants (address,name) values (?,?)
2026-05-06 19:36:45.210 [main] INFO  c.e.s.a.service.RestaurantService - Создан ресторан: id=9, name=ToDelete2
2026-05-06 19:36:45.235 [main] DEBUG org.hibernate.SQL - select count(*) from restaurants rje1_0 where rje1_0.id=?
2026-05-06 19:36:45.243 [main] DEBUG org.hibernate.SQL - select rje1_0.id,rje1_0.address,rje1_0.name from restaurants rje1_0 where rje1_0.id=?
2026-05-06 19:36:45.252 [main] DEBUG org.hibernate.SQL - select d1_0.restaurant_id,d1_0.id,d1_0.description,d1_0.is_available,d1_0.name,d1_0.price from dishes d1_0 where d1_0.restaurant_id=?
2026-05-06 19:36:45.269 [main] DEBUG org.hibernate.SQL - delete from restaurants where id=?
2026-05-06 19:36:45.282 [main] INFO  c.e.s.a.service.RestaurantService - Удален ресторан: id=8
2026-05-06 19:36:45.292 [main] DEBUG org.hibernate.SQL - select count(*) from restaurants rje1_0 where rje1_0.id=?
2026-05-06 19:36:45.299 [main] DEBUG org.hibernate.SQL - select rje1_0.id,rje1_0.address,rje1_0.name from restaurants rje1_0 where rje1_0.id=?
2026-05-06 19:36:45.304 [main] DEBUG org.hibernate.SQL - select d1_0.restaurant_id,d1_0.id,d1_0.description,d1_0.is_available,d1_0.name,d1_0.price from dishes d1_0 where d1_0.restaurant_id=?
2026-05-06 19:36:45.308 [main] DEBUG org.hibernate.SQL - delete from restaurants where id=?
2026-05-06 19:36:45.315 [main] INFO  c.e.s.a.service.RestaurantService - Удален ресторан: id=9
2026-05-06 19:36:45.326 [main] INFO  c.e.s.a.service.RestaurantService - Промах кэша restaurants.findById для id=8: загружаем из репозитория
2026-05-06 19:36:45.327 [main] DEBUG org.hibernate.SQL - select rje1_0.id,rje1_0.address,d1_0.restaurant_id,d1_0.id,d1_0.description,d1_0.is_available,d1_0.name,d1_0.price,rje1_0.name from restaurants rje1_0 left join dishes d1_0 on rje1_0.id=d1_0.restaurant_id where rje1_0.id=?
2026-05-06 19:36:45.330 [main] WARN  c.e.s.a.service.RestaurantService - Ресторан с id=8 не найден
2026-05-06 19:36:45.331 [main] WARN  c.e.s.a.i.h.GlobalExceptionHandler - Ресторан с id=8 не найден
2026-05-06 19:36:45.339 [main] INFO  c.e.s.a.service.RestaurantService - Промах кэша restaurants.findById для id=9: загружаем из репозитория
2026-05-06 19:36:45.340 [main] DEBUG org.hibernate.SQL - select rje1_0.id,rje1_0.address,d1_0.restaurant_id,d1_0.id,d1_0.description,d1_0.is_available,d1_0.name,d1_0.price,rje1_0.name from restaurants rje1_0 left join dishes d1_0 on rje1_0.id=d1_0.restaurant_id where rje1_0.id=?
2026-05-06 19:36:45.343 [main] WARN  c.e.s.a.service.RestaurantService - Ресторан с id=9 не найден
2026-05-06 19:36:45.345 [main] WARN  c.e.s.a.i.h.GlobalExceptionHandler - Ресторан с id=9 не найден
2026-05-06 19:36:48.708 [main] INFO  c.e.s.a.service.DishService - Промах кэша dishes.byName для name='sampleDish': загружаем из репозитория
2026-05-06 19:36:50.290 [main @kotlinx.coroutines.test runner#2] INFO  c.e.s.a.service.DishService - Удалено блюдо: id=1
2026-05-06 19:36:50.483 [main] INFO  c.e.s.a.service.DishService - Создано блюдо: id=2, name=newDish
2026-05-06 19:36:50.540 [main] INFO  c.e.s.a.service.DishService - Промах кэша dishes.byId для id=1: загружаем из репозитория
2026-05-06 19:36:50.584 [main] WARN  c.e.s.a.service.DishService - Блюдо с id=999 не найдено
2026-05-06 19:36:50.656 [main] INFO  c.e.s.a.service.DishService - Обновлено блюдо: id=1, name=updatedDish
2026-05-06 19:36:50.704 [main] WARN  c.e.s.a.service.DishService - Блюдо 'sampleDish' уже существует
2026-05-06 19:36:50.774 [main] INFO  c.e.s.a.service.DishService - Промах кэша dishes.findAll: загружаем из репозитория
2026-05-06 19:36:50.836 [main] WARN  c.e.s.a.service.DishService - Блюдо с id=999 не найдено
2026-05-06 19:36:50.875 [main] INFO  c.e.s.a.service.DishService - Промах кэша dishes.byId для id=999: загружаем из репозитория
2026-05-06 19:36:50.880 [main] WARN  c.e.s.a.service.DishService - Блюдо с id=999 не найдено
2026-05-06 19:36:50.921 [main] INFO  c.e.s.a.service.DishService - Промах кэша dishes.byNamePart для namePart='Dish': загружаем из репозитория
2026-05-06 19:36:51.486 [main] INFO  c.e.s.a.service.RestaurantService - Промах кэша restaurants.findAll: загружаем из репозитория
2026-05-06 19:36:51.646 [main] INFO  c.e.s.a.service.RestaurantService - Промах кэша restaurants.findByName для name=NonExist: загружаем из репозитория
2026-05-06 19:36:51.651 [main] WARN  c.e.s.a.service.RestaurantService - Ресторан с name=NonExist не найден
2026-05-06 19:36:51.684 [main] INFO  c.e.s.a.service.RestaurantService - Удален ресторан: id=1
2026-05-06 19:36:51.716 [main] INFO  c.e.s.a.service.RestaurantService - Промах кэша restaurants.findById для id=999: загружаем из репозитория
2026-05-06 19:36:51.720 [main] WARN  c.e.s.a.service.RestaurantService - Ресторан с id=999 не найден
2026-05-06 19:36:51.782 [main] INFO  c.e.s.a.service.RestaurantService - Обновлен ресторан: id=1, name=Pizza Planet
2026-05-06 19:36:51.822 [main] INFO  c.e.s.a.service.RestaurantService - Создан ресторан: id=2, name=Sushi Bar
2026-05-06 19:36:51.854 [main] WARN  c.e.s.a.service.RestaurantService - Ресторан с id=999 не найден
2026-05-06 19:36:51.883 [main] INFO  c.e.s.a.service.RestaurantService - Промах кэша restaurants.findById для id=1: загружаем из репозитория
2026-05-06 19:36:51.912 [main] WARN  c.e.s.a.service.RestaurantService - Ресторан 'Pizza Place' уже существует
2026-05-06 19:36:51.949 [main] WARN  c.e.s.a.service.RestaurantService - Ресторан с id=999 не найден
2026-05-06 19:36:51.981 [main] INFO  c.e.s.a.service.RestaurantService - Промах кэша restaurants.findByName для name=Pizza Place: загружаем из репозитория
2026-05-06 19:36:52.553 [main] INFO  c.e.s.a.service.UserService - Промах кэша users.byEmail для email='nonexistent@ya.ru': загружаем из репозитория
2026-05-06 19:36:52.820 [main] INFO  c.e.s.a.service.UserService - Удален пользователь: id=1
2026-05-06 19:36:53.169 [main] INFO  c.e.s.a.service.UserService - Создан пользователь: id=2, email=pog0sian@yandex.ru
2026-05-06 19:36:53.352 [main] INFO  c.e.s.a.service.UserService - Обновлен пользователь: id=1, email=pog@ya.ru
2026-05-06 19:36:53.518 [main] WARN  c.e.s.a.service.UserService - Пользователь с id=999 не найден
2026-05-06 19:36:53.754 [main] WARN  c.e.s.a.service.UserService - Пользователь с id=999 не найден
2026-05-06 19:36:53.925 [main] INFO  c.e.s.a.service.UserService - Промах кэша users.findAll: загружаем из репозитория
2026-05-06 19:36:54.090 [main] INFO  c.e.s.a.service.UserService - Промах кэша users.byId для id=999: загружаем из репозитория
2026-05-06 19:36:54.094 [main] WARN  c.e.s.a.service.UserService - Пользователь с id=999 не найден
2026-05-06 19:36:54.253 [main] WARN  c.e.s.a.service.UserService - Пользователь с email=user@example.com уже существует
2026-05-06 19:36:54.411 [main] INFO  c.e.s.a.service.UserService - Промах кэша users.byId для id=1: загружаем из репозитория
2026-05-06 19:36:54.560 [main] INFO  c.e.s.a.service.UserService - Промах кэша users.byEmail для email='user@example.com': загружаем из репозитория
2026-05-06 19:36:54.914 [main] INFO  c.e.s.SpringJpaLabApplicationTests - Starting SpringJpaLabApplicationTests using Java 17.0.12 with PID 8852 (started by lidiya in C:\Users\lidiya\IdeaProjects\spring-jpa-lab)
2026-05-06 19:36:54.914 [main] DEBUG c.e.s.SpringJpaLabApplicationTests - Running with Spring Boot v4.0.0, Spring v7.0.1
2026-05-06 19:36:54.915 [main] INFO  c.e.s.SpringJpaLabApplicationTests - The following 1 profile is active: "test"
2026-05-06 19:37:00.393 [main] WARN  o.s.b.j.a.JpaBaseConfiguration$JpaWebConfiguration - spring.jpa.open-in-view is enabled by default. Therefore, database queries may be performed during view rendering. Explicitly configure spring.jpa.open-in-view to disable this warning
2026-05-06 19:37:02.053 [main] INFO  c.e.s.SpringJpaLabApplicationTests - Started SpringJpaLabApplicationTests in 7.337 seconds (process running for 102.145)
